0 res = 16
1 res = 0
2 res = 0
3 res = 0
4 res = 0
5 res = 0
6 res = 0
7 res = 0
8 res = 0
9 res = 0
10 res = 0
11 res = 0
12 res = 0
13 res = 0
14 res = 0
15 res = 0
16 res = 0
17 res = 0
18 res = 0
19 res = 0
20 res = 0
21 res = 0
22 res = 0
23 res = 0
24 res = 0
25 res = 0
26 res = 0
27 res = 0
28 res = 0
29 res = 0
Test finish 0
